
+--------------+--------------+--------------+--------------+--------------+--------------+
| Database     | Table        | FieldNum     | RecordLength | StorageModel | IndexNum     | 
|              |              |              |              |              |              | 
+--------------+--------------+--------------+--------------+--------------+--------------+
| db2025       | stock        | 17           | 114          | NARY_MODEL   | 8            | 
+--------------+--------------+--------------+--------------+--------------+--------------+
Total tuple(s): 1

+--------------+--------------+--------------+--------------+--------------+--------------+
| Database     | Table        | Index        | IndexID      | IndexType    | KeySchema    | 
+--------------+--------------+--------------+--------------+--------------+--------------+
Total tuple(s): 0
