
+--------------+--------------+--------------+--------------+--------------+--------------+
| Database     | Table        | FieldNum     | RecordLength | StorageModel | IndexNum     | 
|              |              |              |              |              |              | 
+--------------+--------------+--------------+--------------+--------------+--------------+
| db2025       | item         | 5            | 30           | NARY_MODEL   | 0            | 
+--------------+--------------+--------------+--------------+--------------+--------------+
Total tuple(s): 1

+--------------+
| inserted     | 
+--------------+
| 1            | 
+--------------+
Total tuple(s): 1

+--------------+
| inserted     | 
+--------------+
| 1            | 
+--------------+
Total tuple(s): 1

+--------------+
| inserted     | 
+--------------+
| 1            | 
+--------------+
Total tuple(s): 1

+--------------+
| inserted     | 
+--------------+
| 1            | 
+--------------+
Total tuple(s): 1

+--------------+
| inserted     | 
+--------------+
| 1            | 
+--------------+
Total tuple(s): 1

+--------------+
| inserted     | 
+--------------+
| 1            | 
+--------------+
Total tuple(s): 1

+--------------+
| inserted     | 
+--------------+
| 1            | 
+--------------+
Total tuple(s): 1

+--------------+
| inserted     | 
+--------------+
| 1            | 
+--------------+
Total tuple(s): 1

+--------------+
| inserted     | 
+--------------+
| 1            | 
+--------------+
Total tuple(s): 1

+--------------+
| inserted     | 
+--------------+
| 1            | 
+--------------+
Total tuple(s): 1

+--------------+
| inserted     | 
+--------------+
| 1            | 
+--------------+
Total tuple(s): 1

+--------------+
| inserted     | 
+--------------+
| 1            | 
+--------------+
Total tuple(s): 1

+--------------+
| inserted     | 
+--------------+
| 1            | 
+--------------+
Total tuple(s): 1

+--------------+
| inserted     | 
+--------------+
| 1            | 
+--------------+
Total tuple(s): 1

+--------------+
| inserted     | 
+--------------+
| 1            | 
+--------------+
Total tuple(s): 1

+--------------+
| inserted     | 
+--------------+
| 1            | 
+--------------+
Total tuple(s): 1

+--------------+
| inserted     | 
+--------------+
| 1            | 
+--------------+
Total tuple(s): 1

+--------------+
| inserted     | 
+--------------+
| 1            | 
+--------------+
Total tuple(s): 1

+--------------+
| inserted     | 
+--------------+
| 1            | 
+--------------+
Total tuple(s): 1

+--------------+
| inserted     | 
+--------------+
| 1            | 
+--------------+
Total tuple(s): 1

+--------------+
| inserted     | 
+--------------+
| 1            | 
+--------------+
Total tuple(s): 1

+--------------+
| inserted     | 
+--------------+
| 1            | 
+--------------+
Total tuple(s): 1

+--------------+
| inserted     | 
+--------------+
| 1            | 
+--------------+
Total tuple(s): 1

+--------------+
| inserted     | 
+--------------+
| 1            | 
+--------------+
Total tuple(s): 1

+--------------+
| inserted     | 
+--------------+
| 1            | 
+--------------+
Total tuple(s): 1

+--------------+
| inserted     | 
+--------------+
| 1            | 
+--------------+
Total tuple(s): 1

+--------------+
| inserted     | 
+--------------+
| 1            | 
+--------------+
Total tuple(s): 1

+--------------+
| inserted     | 
+--------------+
| 1            | 
+--------------+
Total tuple(s): 1

+--------------+
| inserted     | 
+--------------+
| 1            | 
+--------------+
Total tuple(s): 1

+--------------+
| inserted     | 
+--------------+
| 1            | 
+--------------+
Total tuple(s): 1

+--------------+
| inserted     | 
+--------------+
| 1            | 
+--------------+
Total tuple(s): 1

+--------------+
| inserted     | 
+--------------+
| 1            | 
+--------------+
Total tuple(s): 1

+--------------+
| inserted     | 
+--------------+
| 1            | 
+--------------+
Total tuple(s): 1

+--------------+
| inserted     | 
+--------------+
| 1            | 
+--------------+
Total tuple(s): 1

+--------------+
| inserted     | 
+--------------+
| 1            | 
+--------------+
Total tuple(s): 1

+--------------+
| inserted     | 
+--------------+
| 1            | 
+--------------+
Total tuple(s): 1

+--------------+
| inserted     | 
+--------------+
| 1            | 
+--------------+
Total tuple(s): 1

+--------------+
| inserted     | 
+--------------+
| 1            | 
+--------------+
Total tuple(s): 1

+--------------+
| inserted     | 
+--------------+
| 1            | 
+--------------+
Total tuple(s): 1

+--------------+
| inserted     | 
+--------------+
| 1            | 
+--------------+
Total tuple(s): 1

+--------------+
| inserted     | 
+--------------+
| 1            | 
+--------------+
Total tuple(s): 1

+--------------+
| inserted     | 
+--------------+
| 1            | 
+--------------+
Total tuple(s): 1

+--------------+
| inserted     | 
+--------------+
| 1            | 
+--------------+
Total tuple(s): 1

+--------------+
| inserted     | 
+--------------+
| 1            | 
+--------------+
Total tuple(s): 1

+--------------+
| inserted     | 
+--------------+
| 1            | 
+--------------+
Total tuple(s): 1

+--------------+
| inserted     | 
+--------------+
| 1            | 
+--------------+
Total tuple(s): 1

+--------------+
| inserted     | 
+--------------+
| 1            | 
+--------------+
Total tuple(s): 1

+--------------+
| inserted     | 
+--------------+
| 1            | 
+--------------+
Total tuple(s): 1

+--------------+
| inserted     | 
+--------------+
| 1            | 
+--------------+
Total tuple(s): 1

+--------------+
| inserted     | 
+--------------+
| 1            | 
+--------------+
Total tuple(s): 1

+--------------+
| inserted     | 
+--------------+
| 1            | 
+--------------+
Total tuple(s): 1

+--------------+
| inserted     | 
+--------------+
| 1            | 
+--------------+
Total tuple(s): 1

+--------------+
| inserted     | 
+--------------+
| 1            | 
+--------------+
Total tuple(s): 1

+--------------+
| inserted     | 
+--------------+
| 1            | 
+--------------+
Total tuple(s): 1

+--------------+
| inserted     | 
+--------------+
| 1            | 
+--------------+
Total tuple(s): 1

+--------------+
| inserted     | 
+--------------+
| 1            | 
+--------------+
Total tuple(s): 1

+--------------+
| inserted     | 
+--------------+
| 1            | 
+--------------+
Total tuple(s): 1

+--------------+
| inserted     | 
+--------------+
| 1            | 
+--------------+
Total tuple(s): 1

+--------------+
| inserted     | 
+--------------+
| 1            | 
+--------------+
Total tuple(s): 1

+--------------+
| inserted     | 
+--------------+
| 1            | 
+--------------+
Total tuple(s): 1

+--------------+
| inserted     | 
+--------------+
| 1            | 
+--------------+
Total tuple(s): 1

+--------------+
| inserted     | 
+--------------+
| 1            | 
+--------------+
Total tuple(s): 1

+--------------+
| inserted     | 
+--------------+
| 1            | 
+--------------+
Total tuple(s): 1

+--------------+
| inserted     | 
+--------------+
| 1            | 
+--------------+
Total tuple(s): 1

+--------------+
| inserted     | 
+--------------+
| 1            | 
+--------------+
Total tuple(s): 1

+--------------+
| inserted     | 
+--------------+
| 1            | 
+--------------+
Total tuple(s): 1

+--------------+
| inserted     | 
+--------------+
| 1            | 
+--------------+
Total tuple(s): 1

+--------------+
| inserted     | 
+--------------+
| 1            | 
+--------------+
Total tuple(s): 1

+--------------+
| inserted     | 
+--------------+
| 1            | 
+--------------+
Total tuple(s): 1

+--------------+
| inserted     | 
+--------------+
| 1            | 
+--------------+
Total tuple(s): 1

+--------------+
| inserted     | 
+--------------+
| 1            | 
+--------------+
Total tuple(s): 1

+--------------+
| inserted     | 
+--------------+
| 1            | 
+--------------+
Total tuple(s): 1

+--------------+
| inserted     | 
+--------------+
| 1            | 
+--------------+
Total tuple(s): 1

+--------------+
| inserted     | 
+--------------+
| 1            | 
+--------------+
Total tuple(s): 1

+--------------+
| inserted     | 
+--------------+
| 1            | 
+--------------+
Total tuple(s): 1

+--------------+
| inserted     | 
+--------------+
| 1            | 
+--------------+
Total tuple(s): 1

+--------------+
| inserted     | 
+--------------+
| 1            | 
+--------------+
Total tuple(s): 1

+--------------+
| inserted     | 
+--------------+
| 1            | 
+--------------+
Total tuple(s): 1

+--------------+
| inserted     | 
+--------------+
| 1            | 
+--------------+
Total tuple(s): 1

+--------------+
| inserted     | 
+--------------+
| 1            | 
+--------------+
Total tuple(s): 1

+--------------+
| inserted     | 
+--------------+
| 1            | 
+--------------+
Total tuple(s): 1

+--------------+
| inserted     | 
+--------------+
| 1            | 
+--------------+
Total tuple(s): 1

+--------------+
| inserted     | 
+--------------+
| 1            | 
+--------------+
Total tuple(s): 1

+--------------+
| inserted     | 
+--------------+
| 1            | 
+--------------+
Total tuple(s): 1

+--------------+
| inserted     | 
+--------------+
| 1            | 
+--------------+
Total tuple(s): 1

+--------------+
| inserted     | 
+--------------+
| 1            | 
+--------------+
Total tuple(s): 1

+--------------+
| inserted     | 
+--------------+
| 1            | 
+--------------+
Total tuple(s): 1

+--------------+
| inserted     | 
+--------------+
| 1            | 
+--------------+
Total tuple(s): 1

+--------------+
| inserted     | 
+--------------+
| 1            | 
+--------------+
Total tuple(s): 1

+--------------+
| inserted     | 
+--------------+
| 1            | 
+--------------+
Total tuple(s): 1

+--------------+
| inserted     | 
+--------------+
| 1            | 
+--------------+
Total tuple(s): 1

+--------------+
| inserted     | 
+--------------+
| 1            | 
+--------------+
Total tuple(s): 1

+--------------+
| inserted     | 
+--------------+
| 1            | 
+--------------+
Total tuple(s): 1

+--------------+
| inserted     | 
+--------------+
| 1            | 
+--------------+
Total tuple(s): 1

+--------------+
| inserted     | 
+--------------+
| 1            | 
+--------------+
Total tuple(s): 1

+--------------+
| inserted     | 
+--------------+
| 1            | 
+--------------+
Total tuple(s): 1

+--------------+
| inserted     | 
+--------------+
| 1            | 
+--------------+
Total tuple(s): 1

+--------------+
| inserted     | 
+--------------+
| 1            | 
+--------------+
Total tuple(s): 1

+--------------+
| inserted     | 
+--------------+
| 1            | 
+--------------+
Total tuple(s): 1

+--------------+
| inserted     | 
+--------------+
| 1            | 
+--------------+
Total tuple(s): 1
