
+--------------+--------------+--------------+--------------+--------------+--------------+
| Database     | Table        | FieldNum     | RecordLength | StorageModel | IndexNum     | 
|              |              |              |              |              |              | 
+--------------+--------------+--------------+--------------+--------------+--------------+
| db2025       | stock        | 17           | 114          | NARY_MODEL   | 0            | 
+--------------+--------------+--------------+--------------+--------------+--------------+
Total tuple(s): 1

+--------------+--------------+--------------+--------------+--------------+--------------+
| Database     | Table        | FieldNum     | RecordLength | StorageModel | IndexNum     | 
|              |              |              |              |              |              | 
+--------------+--------------+--------------+--------------+--------------+--------------+
| db2025       | item         | 5            | 30           | NARY_MODEL   | 0            | 
+--------------+--------------+--------------+--------------+--------------+--------------+
Total tuple(s): 1
